=== Simple.arc32.json ===
{
  "hints": {
    "incr(uint64)void": {
      "call_config": {
        "no_op": "CALL"
      }
    },
    "createApplication()void": {
      "call_config": {
        "no_op": "CREATE"
      }
    }
  },
  "bare_call_config": {
    "no_op": "NEVER",
    "opt_in": "NEVER",
    "close_out": "NEVER",
    "update_application": "NEVER",
    "delete_application": "NEVER"
  },
  "schema": {
    "local": {
      "declared": {},
      "reserved": {}
    },
    "global": {
      "declared": {
        "counter": {
          "type": "uint64",
          "key": "counter"
        }
      },
      "reserved": {}
    }
  },
  "state": {
    "global": {
      "num_byte_slices": 0,
      "num_uints": 1
    },
    "local": {
      "num_byte_slices": 0,
      "num_uints": 0
    }
  },
  "source": {
    "approval": "I3ByYWdtYSB2ZXJzaW9uIDEwCmludGNibG9jayAxCmJ5dGVjYmxvY2sgMHg2MzZmNzU2ZTc0NjU3MgoKLy8gVGhpcyBURUFMIHdhcyBnZW5lcmF0ZWQgYnkgVEVBTFNjcmlwdCB2MC4xMDYuMwovLyBodHRwczovL2dpdGh1Yi5jb20vYWxnb3JhbmRmb3VuZGF0aW9uL1RFQUxTY3JpcHQKCi8vIFRoaXMgY29udHJhY3QgaXMgY29tcGxpYW50IHdpdGggYW5kL29yIGltcGxlbWVudHMgdGhlIGZvbGxvd2luZyBBUkNzOiBbIEFSQzQgXQoKLy8gVGhlIGZvbGxvd2luZyB0ZW4gbGluZXMgb2YgVEVBTCBoYW5kbGUgaW5pdGlhbCBwcm9ncmFtIGZsb3cKLy8gVGhpcyBwYXR0ZXJuIGlzIHVzZWQgdG8gbWFrZSBpdCBlYXN5IGZvciBhbnlvbmUgdG8gcGFyc2UgdGhlIHN0YXJ0IG9mIHRoZSBwcm9ncmFtIGFuZCBkZXRlcm1pbmUgaWYgYSBzcGVjaWZpYyBhY3Rpb24gaXMgYWxsb3dlZAovLyBIZXJlLCBhY3Rpb24gcmVmZXJzIHRvIHRoZSBPbkNvbXBsZXRlIGluIGNvbWJpbmF0aW9uIHdpdGggd2hldGhlciB0aGUgYXBwIGlzIGJlaW5nIGNyZWF0ZWQgb3IgY2FsbGVkCi8vIEV2ZXJ5IHBvc3NpYmxlIGFjdGlvbiBmb3IgdGhpcyBjb250cmFjdCBpcyByZXByZXNlbnRlZCBpbiB0aGUgc3dpdGNoIHN0YXRlbWVudAovLyBJZiB0aGUgYWN0aW9uIGlzIG5vdCBpbXBsZW1lbnRlZCBpbiB0aGUgY29udHJhY3QsIGl0cyByZXNwZWN0aXZlIGJyYW5jaCB3aWxsIGJlICIqTk9UX0lNUExFTUVOVEVEIiB3aGljaCBqdXN0IGNvbnRhaW5zICJlcnIiCnR4biBBcHBsaWNhdGlvbklECiEKcHVzaGludCA2CioKdHhuIE9uQ29tcGxldGlvbgorCnN3aXRjaCAqY2FsbF9Ob09wICpOT1RfSU1QTEVNRU5URUQgKk5PVF9JTVBMRU1FTlRFRCAqTk9UX0lNUExFTUVOVEVEICpOT1RfSU1QTEVNRU5URUQgKk5PVF9JTVBMRU1FTlRFRCAqY3JlYXRlX05vT3AgKk5PVF9JTVBMRU1FTlRFRCAqTk9UX0lNUExFTUVOVEVEICpOT1RfSU1QTEVNRU5URUQgKk5PVF9JTVBMRU1FTlRFRCAqTk9UX0lNUExFTUVOVEVECgoqTk9UX0lNUExFTUVOVEVEOgoJLy8gVGhlIHJlcXVlc3RlZCBhY3Rpb24gaXMgbm90IGltcGxlbWVudGVkIGluIHRoaXMgY29udHJhY3QuIEFyZSB5b3UgdXNpbmcgdGhlIGNvcnJlY3QgT25Db21wbGV0ZT8gRGlkIHlvdSBzZXQgeW91ciBhcHAgSUQ/CgllcnIKCi8vIGluY3IodWludDY0KXZvaWQKKmFiaV9yb3V0ZV9pbmNyOgoJLy8gaTogdWludDY0Cgl0eG5hIEFwcGxpY2F0aW9uQXJncyAxCglidG9pCgoJLy8gZXhlY3V0ZSBpbmNyKHVpbnQ2NCl2b2lkCgljYWxsc3ViIGluY3IKCWludGMgMCAvLyAxCglyZXR1cm4KCi8vIGluY3IoaTogdWludDY0KTogdm9pZAppbmNyOgoJcHJvdG8gMSAwCgoJLy8gc3JjL2NvbnRyYWN0LmFsZ28udHM6NwoJLy8gdGhpcy5jb3VudGVyLnZhbHVlID0gdGhpcy5jb3VudGVyLnZhbHVlICsgaQoJYnl0ZWMgMCAvLyAgImNvdW50ZXIiCglkdXAKCWFwcF9nbG9iYWxfZ2V0CglmcmFtZV9kaWcgLTEgLy8gaTogdWludDY0CgkrCglhcHBfZ2xvYmFsX3B1dAoJcmV0c3ViCgoqYWJpX3JvdXRlX2NyZWF0ZUFwcGxpY2F0aW9uOgoJaW50YyAwIC8vIDEKCXJldHVybgoKKmNyZWF0ZV9Ob09wOgoJcHVzaGJ5dGVzIDB4Yjg0NDdiMzYgLy8gbWV0aG9kICJjcmVhdGVBcHBsaWNhdGlvbigpdm9pZCIKCXR4bmEgQXBwbGljYXRpb25BcmdzIDAKCW1hdGNoICphYmlfcm91dGVfY3JlYXRlQXBwbGljYXRpb24KCgkvLyB0aGlzIGNvbnRyYWN0IGRvZXMgbm90IGltcGxlbWVudCB0aGUgZ2l2ZW4gQUJJIG1ldGhvZCBmb3IgY3JlYXRlIE5vT3AKCWVycgoKKmNhbGxfTm9PcDoKCXB1c2hieXRlcyAweDlmYWI4NjEwIC8vIG1ldGhvZCAiaW5jcih1aW50NjQpdm9pZCIKCXR4bmEgQXBwbGljYXRpb25BcmdzIDAKCW1hdGNoICphYmlfcm91dGVfaW5jcgoKCS8vIHRoaXMgY29udHJhY3QgZG9lcyBub3QgaW1wbGVtZW50IHRoZSBnaXZlbiBBQkkgbWV0aG9kIGZvciBjYWxsIE5vT3AKCWVycg==",
    "clear": "I3ByYWdtYSB2ZXJzaW9uIDEw"
  },
  "contract": {
    "name": "Simple",
    "desc": "",
    "methods": [
      {
        "name": "incr",
        "args": [
          {
            "name": "i",
            "type": "uint64"
          }
        ],
        "returns": {
          "type": "void"
        }
      },
      {
        "name": "createApplication",
        "args": [],
        "returns": {
          "type": "void"
        }
      }
    ]
  }
}

=== Simple.arc4.json ===
{
  "name": "Simple",
  "desc": "",
  "methods": [
    {
      "name": "incr",
      "args": [
        {
          "name": "i",
          "type": "uint64"
        }
      ],
      "returns": {
        "type": "void"
      }
    },
    {
      "name": "createApplication",
      "args": [],
      "returns": {
        "type": "void"
      }
    }
  ]
}
